exports[`test renders correctly 1`] = `
<div
  className="card">
  <div
    className="text">
    <div
      className="action">
      <span>
        VISIT
      </span>
    </div>
    <div
      className="country">
      <span>
        Iceland
      </span>
    </div>
  </div>
  <button
    onClick={[Function]}>
    DISCOVER
  </button>
</div>
`;
